\BOOKMARK [0][-]{chapter.1}{\376\377\000W\000o\000r\000l\000d\000l\000i\000n\000e\000\040\000F\000o\000u\000n\000d\000a\000t\000i\000o\000n\000s\000\040\000\050\000G\000W\000F\000M\000\051}{}% 1
\BOOKMARK [1][-]{section.1.1}{\376\377\000I\000n\000t\000r\000o\000d\000u\000c\000t\000i\000o\000n}{chapter.1}% 2
\BOOKMARK [1][-]{section.1.2}{\376\377\000C\000o\000n\000t\000i\000n\000u\000o\000u\000s\000\040\000W\000o\000r\000l\000d\000l\000i\000n\000e\000\040\000E\000n\000t\000i\000t\000y}{chapter.1}% 3
\BOOKMARK [1][-]{section.1.3}{\376\377\000D\000e\000n\000s\000e\000\040\000T\000r\000a\000j\000e\000c\000t\000o\000r\000y\000\040\000E\000n\000s\000e\000m\000b\000l\000e}{chapter.1}% 4
\BOOKMARK [1][-]{section.1.4}{\376\377\000F\000i\000e\000l\000d\000\040\000E\000m\000e\000r\000g\000e\000n\000c\000e}{chapter.1}% 5
\BOOKMARK [1][-]{section.1.5}{\376\377\000S\000p\000i\000n\000\040\000S\000t\000r\000u\000c\000t\000u\000r\000e}{chapter.1}% 6
\BOOKMARK [1][-]{section.1.6}{\376\377\000G\000a\000u\000g\000e\000\040\000C\000o\000u\000p\000l\000i\000n\000g}{chapter.1}% 7
\BOOKMARK [1][-]{section.1.7}{\376\377\000I\000n\000t\000e\000r\000p\000r\000e\000t\000a\000t\000i\000o\000n}{chapter.1}% 8
\BOOKMARK [0][-]{chapter.2}{\376\377\000L\000a\000y\000e\000r\000e\000d\000\040\000F\000i\000e\000l\000d\000\040\000I\000d\000e\000n\000t\000i\000t\000y\000\040\000\050\000S\000E\000F\000I\000\051}{}% 9
\BOOKMARK [1][-]{section.2.1}{\376\377\000I\000n\000t\000r\000o\000d\000u\000c\000t\000i\000o\000n}{chapter.2}% 10
\BOOKMARK [1][-]{section.2.2}{\376\377\000F\000I\000E\000L\000D\000\040\000O\000R\000I\000G\000I\000N}{chapter.2}% 11
\BOOKMARK [1][-]{section.2.3}{\376\377\000F\000I\000E\000L\000D\000\040\000A\000U\000T\000H\000O\000R\000S\000H\000I\000P}{chapter.2}% 12
\BOOKMARK [1][-]{section.2.4}{\376\377\000F\000I\000E\000L\000D\000\040\000S\000O\000V\000E\000R\000E\000I\000G\000N\000T\000Y}{chapter.2}% 13
\BOOKMARK [1][-]{section.2.5}{\376\377\000W\000A\000R\000P\000\040\000E\000X\000P\000R\000E\000S\000S\000I\000O\000N}{chapter.2}% 14
\BOOKMARK [1][-]{section.2.6}{\376\377\000R\000e\000a\000l\000i\000t\000y\000\040\000F\000i\000e\000l\000d\000\040\000L\000a\000y\000e\000r\000\040\000\050\000R\000-\000L\000a\000y\000e\000r\000\051}{chapter.2}% 15
\BOOKMARK [1][-]{section.2.7}{\376\377\000M\000a\000t\000h\000e\000m\000a\000t\000i\000c\000a\000l\000\040\000F\000o\000r\000m\000u\000l\000a\000t\000i\000o\000n}{chapter.2}% 16
\BOOKMARK [0][-]{chapter.3}{\376\377\000P\000h\000o\000t\000o\000n\000i\000c\000\040\000Q\000E\000C\000\040\000f\000r\000o\000m\000\040\000S\000E\000F\000I\000/\000G\000W\000F\000M\000\040\000G\000e\000o\000m\000e\000t\000r\000y}{}% 17
\BOOKMARK [1][-]{section.3.1}{\376\377\000I\000n\000t\000r\000o\000d\000u\000c\000t\000i\000o\000n}{chapter.3}% 18
\BOOKMARK [1][-]{section.3.2}{\376\377\000S\000t\000a\000b\000i\000l\000i\000t\000y\000\040\000S\000u\000r\000f\000a\000c\000e\000s}{chapter.3}% 19
\BOOKMARK [1][-]{section.3.3}{\376\377\000P\000h\000o\000t\000o\000n\000i\000c\000\040\000E\000r\000r\000o\000r\000\040\000G\000e\000o\000m\000e\000t\000r\000y}{chapter.3}% 20
\BOOKMARK [1][-]{section.3.4}{\376\377\000G\000e\000o\000m\000e\000t\000r\000i\000c\000\040\000S\000t\000a\000b\000i\000l\000i\000z\000e\000r\000s}{chapter.3}% 21
\BOOKMARK [1][-]{section.3.5}{\376\377\000S\000y\000n\000d\000r\000o\000m\000e\000\040\000G\000e\000o\000m\000e\000t\000r\000y}{chapter.3}% 22
\BOOKMARK [1][-]{section.3.6}{\376\377\000S\000P\000D\000C\000\040\000G\000e\000o\000m\000e\000t\000r\000y}{chapter.3}% 23
\BOOKMARK [1][-]{section.3.7}{\376\377\000C\000H\000S\000H\000\040\000G\000e\000o\000m\000e\000t\000r\000y}{chapter.3}% 24
\BOOKMARK [0][-]{chapter.4}{\376\377\000C\000o\000n\000c\000l\000u\000s\000i\000o\000n}{}% 25
